{"__type__": "ndarray", "dtype": "float64", "shape": [5, 2], "data": [[0.04298230670937811, 0.521017226391265], [0.3065127749388594, 0.06778379436644118], [0.6274628092148877, 0.32244577781883116], [0.76706260533518, 0.6037573724872068], [0.5488246032235187, 0.00769001633093156]]}
