{"__type__": "ndarray", "dtype": "float64", "shape": [5, 2], "data": [[0.475606126368493, 0.7590690590890198], [0.2516814071277268, 0.772930049522476], [0.014471625746932039, 0.06365523560629881], [0.2039952635183438, 0.40829280213375685], [0.005076356594852971, 0.7729763416877842]]}
